// Jest Snapshot v1, https://goo.gl/fbAQLP

exports[`should render header correctly 1`] = `
<div>
  404. Page not found! 
  <Link
    replace={false}
    to="/"
  >
    Homepage
  </Link>
</div>
`;
